Prosjekt/dfv2.csv
"UPC","DESCRIP","BRAND","STORE","WEEK","MOVE","SALES","PRICE","PROFIT","name","city","zip","lat","long","age9","age60","ethnic","educ","nocar","income","incsigma","hsizeavg","hsize1","hsize2","hsize34","hsize567","hh3plus","hh4plus","hhsingle","hhlarge","workwom","sinhouse","density","hval150","hval200","hvalmean","single","retired","unemp","wrkch5","wrkch17","nwrkch5","nwrkch17","wrkch","nwrkch","wrkwch","wrkwnch","telephn","mortgage","nwhite","poverty","shpcons","shphurr","shpavid","shpkstr","shpunft","shpbird","shopindx","shpindx"
4400000340,"NAB GRAHAM CRACKERS","NAB",86,37,6,13.74,2.29,22.79,"DOMINICKS   86","CHICAGO",60618,419419,876886,0.141758516430855,0.13875637948513,0.4278664290905,0.0967639163136482,0.353421211242676,10.0889711380005,21345.9765625,2.52955937385559,0.323741763830185,0.288375020027161,0.269226759672165,0.118656478822231,0.387883216142654,0.235743433237076,0.323741763830185,0.118656478822231,0.29320678114891,0.13529072701931,0.000183418320375495,0.210053861141205,0.0816876143217087,117.930877685547,0.384547710418701,0.168956935405731,0.244589909911156,0.0671634152531624,0.0986016094684601,0.0846177414059639,0.0603245906531811,0.165765032172203,0.144942328333855,0.0662771984934807,0.218372285366058,0.90698891878128,0.454894423484802,0.465084731578827,0.152662962675095,0.214375391602516,0.0716677159070969,0.181732580065727,0.304666250944138,0.174199625849724,0.0533584430813789,0.256850451231003,0.256850451231003
4400000340,"NAB GRAHAM CRACKERS","NAB",86,38,11,26.73,2.43,27.24,"DOMINICKS   86","CHICAGO",60618,419419,876886,0.141758516430855,0.13875637948513,0.4278664290905,0.0967639163136482,0.353421211242676,10.0889711380005,21345.9765625,2.52955937385559,0.323741763830185,0.288375020027161,0.269226759672165,0.118656478822231,0.387883216142654,0.235743433237076,0.323741763830185,0.118656478822231,0.29320678114891,0.13529072701931,0.000183418320375495,0.210053861141205,0.0816876143217087,117.930877685547,0.384547710418701,0.168956935405731,0.244589909911156,0.0671634152531624,0.0986016094684601,0.0846177414059639,0.0603245906531811,0.165765032172203,0.144942328333855,0.0662771984934807,0.218372285366058,0.90698891878128,0.454894423484802,0.465084731578827,0.152662962675095,0.214375391602516,0.0716677159070969,0.181732580065727,0.304666250944138,0.174199625849724,0.0533584430813789,0.256850451231003,0.256850451231003
4400000340,"NAB GRAHAM CRACKERS","NAB",86,39,7,17.01,2.43,27.24,"DOMINICKS   86","CHICAGO",60618,419419,876886,0.141758516430855,0.13875637948513,0.4278664290905,0.0967639163136482,0.353421211242676,10.0889711380005,21345.9765625,2.52955937385559,0.323741763830185,0.288375020027161,0.269226759672165,0.118656478822231,0.387883216142654,0.235743433237076,0.323741763830185,0.118656478822231,0.29320678114891,0.13529072701931,0.000183418320375495,0.210053861141205,0.0816876143217087,117.930877685547,0.384547710418701,0.168956935405731,0.244589909911156,0.0671634152531624,0.0986016094684601,0.0846177414059639,0.0603245906531811,0.165765032172203,0.144942328333855,0.0662771984934807,0.218372285366058,0.90698891878128,0.454894423484802,0.465084731578827,0.152662962675095,0.214375391602516,0.0716677159070969,0.181732580065727,0.304666250944138,0.174199625849724,0.0533584430813789,0.256850451231003,0.256850451231003
4400000340,"NAB GRAHAM CRACKERS","NAB",86,40,9,21.87,2.43,27.24,"DOMINICKS   86","CHICAGO",60618,419419,876886,0.141758516430855,0.13875637948513,0.4278664290905,0.0967639163136482,0.353421211242676,10.0889711380005,21345.9765625,2.52955937385559,0.323741763830185,0.288375020027161,0.269226759672165,0.118656478822231,0.387883216142654,0.235743433237076,0.323741763830185,0.118656478822231,0.29320678114891,0.13529072701931,0.000183418320375495,0.210053861141205,0.0816876143217087,117.930877685547,0.384547710418701,0.168956935405731,0.244589909911156,0.0671634152531624,0.0986016094684601,0.0846177414059639,0.0603245906531811,0.165765032172203,0.144942328333855,0.0662771984934807,0.218372285366058,0.90698891878128,0.454894423484802,0.465084731578827,0.152662962675095,0.214375391602516,0.0716677159070969,0.181732580065727,0.304666250944138,0.174199625849724,0.0533584430813789,0.256850451231003,0.256850451231003
4400000340,"NAB GRAHAM CRACKERS","NAB",86,41,16,38.88,2.43,27.24,"DOMINICKS   86","CHICAGO",60618,419419,876886,0.141758516430855,0.13875637948513,0.4278664290905,0.0967639163136482,0.353421211242676,10.0889711380005,21345.9765625,2.52955937385559,0.323741763830185,0.288375020027161,0.269226759672165,0.118656478822231,0.387883216142654,0.235743433237076,0.323741763830185,0.118656478822231,0.29320678114891,0.13529072701931,0.000183418320375495,0.210053861141205,0.0816876143217087,117.930877685547,0.384547710418701,0.168956935405731,0.244589909911156,0.0671634152531624,0.0986016094684601,0.0846177414059639,0.0603245906531811,0.165765032172203,0.144942328333855,0.0662771984934807,0.218372285366058,0.90698891878128,0.454894423484802,0.465084731578827,0.152662962675095,0.214375391602516,0.0716677159070969,0.181732580065727,0.304666250944138,0.174199625849724,0.0533584430813789,0.256850451231003,0.256850451231003
4400000340,"NAB GRAHAM CRACKERS","NAB",86,42,8,18.48,2.31,23.46,"DOMINICKS   86","CHICAGO",60618,419419,876886,0.141758516430855,0.13875637948513,0.4278664290905,0.0967639163136482,0.353421211242676,10.0889711380005,21345.9765625,2.52955937385559,0.323741763830185,0.288375020027161,0.269226759672165,0.118656478822231,0.387883216142654,0.235743433237076,0.323741763830185,0.118656478822231,0.29320678114891,0.13529072701931,0.000183418320375495,0.210053861141205,0.0816876143217087,117.930877685547,0.384547710418701,0.168956935405731,0.244589909911156,0.0671634152531624,0.0986016094684601,0.0846177414059639,0.0603245906531811,0.165765032172203,0.144942328333855,0.0662771984934807,0.218372285366058,0.90698891878128,0.454894423484802,0.465084731578827,0.152662962675095,0.214375391602516,0.0716677159070969,0.181732580065727,0.304666250944138,0.174199625849724,0.0533584430813789,0.256850451231003,0.256850451231003
4400000340,"NAB GRAHAM CRACKERS","NAB",86,43,11,25.41,2.31,23.46,"DOMINICKS   86","CHICAGO",60618,419419,876886,0.141758516430855,0.13875637948513,0.4278664290905,0.0967639163136482,0.353421211242676,10.0889711380005,21345.9765625,2.52955937385559,0.323741763830185,0.288375020027161,0.269226759672165,0.118656478822231,0.387883216142654,0.235743433237076,0.323741763830185,0.118656478822231,0.29320678114891,0.13529072701931,0.000183418320375495,0.210053861141205,0.0816876143217087,117.930877685547,0.384547710418701,0.168956935405731,0.244589909911156,0.0671634152531624,0.0986016094684601,0.0846177414059639,0.0603245906531811,0.165765032172203,0.144942328333855,0.0662771984934807,0.218372285366058,0.90698891878128,0.454894423484802,0.465084731578827,0.152662962675095,0.214375391602516,0.0716677159070969,0.181732580065727,0.304666250944138,0.174199625849724,0.0533584430813789,0.256850451231003,0.256850451231003
4400000340,"NAB GRAHAM CRACKERS","NAB",86,44,5,11.55,2.31,23.46,"DOMINICKS   86","CHICAGO",60618,419419,876886,0.141758516430855,0.13875637948513,0.4278664290905,0.0967639163136482,0.353421211242676,10.0889711380005,21345.9765625,2.52955937385559,0.323741763830185,0.288375020027161,0.269226759672165,0.118656478822231,0.387883216142654,0.235743433237076,0.323741763830185,0.118656478822231,0.29320678114891,0.13529072701931,0.000183418320375495,0.210053861141205,0.0816876143217087,117.930877685547,0.384547710418701,0.168956935405731,0.244589909911156,0.0671634152531624,0.0986016094684601,0.0846177414059639,0.0603245906531811,0.165765032172203,0.144942328333855,0.0662771984934807,0.218372285366058,0.90698891878128,0.454894423484802,0.465084731578827,0.152662962675095,0.214375391602516,0.0716677159070969,0.181732580065727,0.304666250944138,0.174199625849724,0.0533584430813789,0.256850451231003,0.256850451231003
4400000340,"NAB GRAHAM CRACKERS","NAB",86,45,5,11.55,2.31,23.46,"DOMINICKS   86","CHICAGO",60618,419419,876886,0.141758516430855,0.13875637948513,0.4278664290905,0.0967639163136482,0.353421211242676,10.0889711380005,21345.9765625,2.52955937385559,0.323741763830185,0.288375020027161,0.269226759672165,0.118656478822231,0.387883216142654,0.235743433237076,0.323741763830185,0.118656478822231,0.29320678114891,0.13529072701931,0.000183418320375495,0.210053861141205,0.0816876143217087,117.930877685547,0.384547710418701,0.168956935405731,0.244589909911156,0.0671634152531624,0.0986016094684601,0.0846177414059639,0.0603245906531811,0.165765032172203,0.144942328333855,0.0662771984934807,0.218372285366058,0.90698891878128,0.454894423484802,0.465084731578827,0.152662962675095,0.214375391602516,0.0716677159070969,0.181732580065727,0.304666250944138,0.174199625849724,0.0533584430813789,0.256850451231003,0.256850451231003
4400000340,"NAB GRAHAM CRACKERS","NAB",86,46,10,24.3,2.43,27.24,"DOMINICKS   86","CHICAGO",60618,419419,876886,0.141758516430855,0.13875637948513,0.4278664290905,0.0967639163136482,0.353421211242676,10.0889711380005,21345.9765625,2.52955937385559,0.323741763830185,0.288375020027161,0.269226759672165,0.118656478822231,0.387883216142654,0.235743433237076,0.323741763830185,0.118656478822231,0.29320678114891,0.13529072701931,0.000183418320375495,0.210053861141205,0.0816876143217087,117.930877685547,0.384547710418701,0.168956935405731,0.244589909911156,0.0671634152531624,0.0986016094684601,0.0846177414059639,0.0603245906531811,0.165765032172203,0.144942328333855,0.0662771984934807,0.218372285366058,0.90698891878128,0.454894423484802,0.465084731578827,0.152662962675095,0.214375391602516,0.0716677159070969,0.181732580065727,0.304666250944138,0.174199625849724,0.0533584430813789,0.256850451231003,0.256850451231003
4400000340,"NAB GRAHAM CRACKERS","NAB",86,47,16,38.88,2.43,27.24,"DOMINICKS   86","CHICAGO",60618,419419,876886,0.141758516430855,0.13875637948513,0.4278664290905,0.0967639163136482,0.353421211242676,10.0889711380005,21345.9765625,2.52955937385559,0.323741763830185,0.288375020027161,0.269226759672165,0.118656478822231,0.387883216142654,0.235743433237076,0.323741763830185,0.118656478822231,0.29320678114891,0.13529072701931,0.000183418320375495,0.210053861141205,0.0816876143217087,117.930877685547,0.384547710418701,0.168956935405731,0.244589909911156,0.0671634152531624,0.0986016094684601,0.0846177414059639,0.0603245906531811,0.165765032172203,0.144942328333855,0.0662771984934807,0.218372285366058,0.90698891878128,0.454894423484802,0.465084731578827,0.152662962675095,0.214375391602516,0.0716677159070969,0.181732580065727,0.304666250944138,0.174199625849724,0.0533584430813789,0.256850451231003,0.256850451231003
4400000340,"NAB GRAHAM CRACKERS","NAB",86,48,5,12.15,2.43,27.24,"DOMINICKS   86","CHICAGO",60618,419419,876886,0.141758516430855,0.13875637948513,0.4278664290905,0.0967639163136482,0.353421211242676,10.0889711380005,21345.9765625,2.52955937385559,0.323741763830185,0.288375020027161,0.269226759672165,0.118656478822231,0.387883216142654,0.235743433237076,0.323741763830185,0.118656478822231,0.29320678114891,0.13529072701931,0.000183418320375495,0.210053861141205,0.0816876143217087,117.930877685547,0.384547710418701,0.168956935405731,0.244589909911156,0.0671634152531624,0.0986016094684601,0.0846177414059639,0.0603245906531811,0.165765032172203,0.144942328333855,0.0662771984934807,0.218372285366058,0.90698891878128,0.454894423484802,0.465084731578827,0.152662962675095,0.214375391602516,0.0716677159070969,0.181732580065727,0.304666250944138,0.174199625849724,0.0533584430813789,0.256850451231003,0.256850451231003
4400000340,"NAB GRAHAM CRACKERS","NAB",86,49,12,30.24,2.52,26.87,"DOMINICKS   86","CHICAGO",60618,419419,876886,0.141758516430855,0.13875637948513,0.4278664290905,0.0967639163136482,0.353421211242676,10.0889711380005,21345.9765625,2.52955937385559,0.323741763830185,0.288375020027161,0.269226759672165,0.118656478822231,0.387883216142654,0.235743433237076,0.323741763830185,0.118656478822231,0.29320678114891,0.13529072701931,0.000183418320375495,0.210053861141205,0.0816876143217087,117.930877685547,0.384547710418701,0.168956935405731,0.244589909911156,0.0671634152531624,0.0986016094684601,0.0846177414059639,0.0603245906531811,0.165765032172203,0.144942328333855,0.0662771984934807,0.218372285366058,0.90698891878128,0.454894423484802,0.465084731578827,0.152662962675095,0.214375391602516,0.0716677159070969,0.181732580065727,0.304666250944138,0.174199625849724,0.0533584430813789,0.256850451231003,0.256850451231003
4400000340,"NAB GRAHAM CRACKERS","NAB",86,50,8,20.16,2.52,26.87,"DOMINICKS   86","CHICAGO",60618,419419,876886,0.141758516430855,0.13875637948513,0.4278664290905,0.0967639163136482,0.353421211242676,10.0889711380005,21345.9765625,2.52955937385559,0.323741763830185,0.288375020027161,0.269226759672165,0.118656478822231,0.387883216142654,0.235743433237076,0.323741763830185,0.118656478822231,0.29320678114891,0.13529072701931,0.000183418320375495,0.210053861141205,0.0816876143217087,117.930877685547,0.384547710418701,0.168956935405731,0.244589909911156,0.0671634152531624,0.0986016094684601,0.0846177414059639,0.0603245906531811,0.165765032172203,0.144942328333855,0.0662771984934807,0.218372285366058,0.90698891878128,0.454894423484802,0.465084731578827,0.152662962675095,0.214375391602516,0.0716677159070969,0.181732580065727,0.304666250944138,0.174199625849724,0.0533584430813789,0.256850451231003,0.256850451231003
4400000340,"NAB GRAHAM CRACKERS","NAB",86,51,11,27.72,2.52,26.87,"DOMINICKS   86","CHICAGO",60618,419419,876886,0.141758516430855,0.13875637948513,0.4278664290905,0.0967639163136482,0.353421211242676,10.0889711380005,21345.9765625,2.52955937385559,0.323741763830185,0.288375020027161,0.269226759672165,0.118656478822231,0.387883216142654,0.235743433237076,0.323741763830185,0.118656478822231,0.29320678114891,0.13529072701931,0.000183418320375495,0.210053861141205,0.0816876143217087,117.930877685547,0.384547710418701,0.168956935405731,0.244589909911156,0.0671634152531624,0.0986016094684601,0.0846177414059639,0.0603245906531811,0.165765032172203,0.144942328333855,0.0662771984934807,0.218372285366058,0.90698891878128,0.454894423484802,0.465084731578827,0.152662962675095,0.214375391602516,0.0716677159070969,0.181732580065727,0.304666250944138,0.174199625849724,0.0533584430813789,0.256850451231003,0.256850451231003
4400000340,"NAB GRAHAM CRACKERS","NAB",86,52,14,35.28,2.52,26.87,"DOMINICKS   86","CHICAGO",60618,419419,876886,0.141758516430855,0.13875637948513,0.4278664290905,0.0967639163136482,0.353421211242676,10.0889711380005,21345.9765625,2.52955937385559,0.323741763830185,0.288375020027161,0.269226759672165,0.118656478822231,0.387883216142654,0.235743433237076,0.323741763830185,0.118656478822231,0.29320678114891,0.13529072701931,0.000183418320375495,0.210053861141205,0.0816876143217087,117.930877685547,0.384547710418701,0.168956935405731,0.244589909911156,0.0671634152531624,0.0986016094684601,0.0846177414059639,0.0603245906531811,0.165765032172203,0.144942328333855,0.0662771984934807,0.218372285366058,0.90698891878128,0.454894423484802,0.465084731578827,0.152662962675095,0.214375391602516,0.0716677159070969,0.181732580065727,0.304666250944138,0.174199625849724,0.0533584430813789,0.256850451231003,0.256850451231003
7447259430,"KAVALI FLATBREAD THI","KAVALI",86,1,1,1.99,1.99,26.63,"DOMINICKS   86","CHICAGO",60618,419419,876886,0.141758516430855,0.13875637948513,0.4278664290905,0.0967639163136482,0.353421211242676,10.0889711380005,21345.9765625,2.52955937385559,0.323741763830185,0.288375020027161,0.269226759672165,0.118656478822231,0.387883216142654,0.235743433237076,0.323741763830185,0.118656478822231,0.29320678114891,0.13529072701931,0.000183418320375495,0.210053861141205,0.0816876143217087,117.930877685547,0.384547710418701,0.168956935405731,0.244589909911156,0.0671634152531624,0.0986016094684601,0.0846177414059639,0.0603245906531811,0.165765032172203,0.144942328333855,0.0662771984934807,0.218372285366058,0.90698891878128,0.454894423484802,0.465084731578827,0.152662962675095,0.214375391602516,0.0716677159070969,0.181732580065727,0.304666250944138,0.174199625849724,0.0533584430813789,0.256850451231003,0.256850451231003
7447259430,"KAVALI FLATBREAD THI","KAVALI",86,2,3,5.97,1.99,26.63,"DOMINICKS   86","CHICAGO",60618,419419,876886,0.141758516430855,0.13875637948513,0.4278664290905,0.0967639163136482,0.353421211242676,10.0889711380005,21345.9765625,2.52955937385559,0.323741763830185,0.288375020027161,0.269226759672165,0.118656478822231,0.387883216142654,0.235743433237076,0.323741763830185,0.118656478822231,0.29320678114891,0.13529072701931,0.000183418320375495,0.210053861141205,0.0816876143217087,117.930877685547,0.384547710418701,0.168956935405731,0.244589909911156,0.0671634152531624,0.0986016094684601,0.0846177414059639,0.0603245906531811,0.165765032172203,0.144942328333855,0.0662771984934807,0.218372285366058,0.90698891878128,0.454894423484802,0.465084731578827,0.152662962675095,0.214375391602516,0.0716677159070969,0.181732580065727,0.304666250944138,0.174199625849724,0.0533584430813789,0.256850451231003,0.256850451231003
